
   INFO  Server running on [http://127.0.0.1:8001].  

  Press Ctrl+C to stop the server

  2026-07-22 12:01:33 /bench1 .................................... ~ 501.86ms
  2026-07-22 12:01:33 /bench1 ...................................... ~ 0.03ms
  2026-07-22 12:01:33 /bench1 ...................................... ~ 0.03ms
  2026-07-22 12:01:33 /bench1 ...................................... ~ 0.24ms
  2026-07-22 12:01:33 /bench1 ...................................... ~ 0.47ms
  2026-07-22 12:01:33 /bench1 ...................................... ~ 0.32ms
  2026-07-22 12:01:33 /bench1 ...................................... ~ 0.32ms
  2026-07-22 12:01:33 /bench1 .................................... ~ 505.43ms
  2026-07-22 12:01:33 /bench1 .................................... ~ 505.35ms
  2026-07-22 12:01:33 /bench1 ...................................... ~ 0.21ms
  2026-07-22 12:01:33 /bench1 ...................................... ~ 0.21ms
  2026-07-22 12:01:33 /bench1 ...................................... ~ 0.21ms
  2026-07-22 12:01:33 /bench1 ...................................... ~ 0.21ms
  2026-07-22 12:01:33 /bench1 ...................................... ~ 0.21ms
  2026-07-22 12:01:33 /bench1 ...................................... ~ 0.20ms
  2026-07-22 12:01:34 /bench1 ...................................... ~ 0.20ms
  2026-07-22 12:01:34 /bench1 ...................................... ~ 0.20ms
  2026-07-22 12:01:34 /bench1 ...................................... ~ 0.21ms
  2026-07-22 12:01:34 /bench1 .................................... ~ 505.33ms
  2026-07-22 12:01:34 /bench1 .................................... ~ 505.36ms
  2026-07-22 12:01:34 /bench1 ...................................... ~ 0.22ms
  2026-07-22 12:01:34 /bench1 ...................................... ~ 0.22ms
  2026-07-22 12:01:34 /bench1 ...................................... ~ 0.23ms
  2026-07-22 12:01:34 /bench1 ...................................... ~ 0.22ms
  2026-07-22 12:01:34 /bench1 ...................................... ~ 0.22ms
  2026-07-22 12:01:34 /bench1 ...................................... ~ 0.22ms
  2026-07-22 12:01:34 /bench1 ...................................... ~ 0.22ms
  2026-07-22 12:01:34 /bench1 ...................................... ~ 0.22ms
  2026-07-22 12:01:34 /bench1 .................................... ~ 501.49ms
  2026-07-22 12:01:34 /bench1 .................................... ~ 501.51ms
  2026-07-22 12:01:34 /bench1 ...................................... ~ 0.22ms
  2026-07-22 12:01:34 /bench1 ...................................... ~ 0.21ms
  2026-07-22 12:01:34 /bench1 ...................................... ~ 0.77ms
  2026-07-22 12:01:34 /bench1 ...................................... ~ 0.23ms
  2026-07-22 12:01:34 /bench1 ...................................... ~ 0.21ms
  2026-07-22 12:01:35 /bench1 ...................................... ~ 0.21ms
  2026-07-22 12:01:35 /bench1 ...................................... ~ 0.81ms
  2026-07-22 12:01:35 /bench1 ...................................... ~ 0.23ms
  2026-07-22 12:01:35 /bench1 .................................... ~ 505.34ms
  2026-07-22 12:01:35 /bench1 .................................... ~ 505.37ms
  2026-07-22 12:01:35 /bench1 ...................................... ~ 0.22ms
  2026-07-22 12:01:35 /bench1 ...................................... ~ 0.22ms
  2026-07-22 12:01:35 /bench1 ...................................... ~ 0.28ms
  2026-07-22 12:01:35 /bench1 ...................................... ~ 0.25ms
  2026-07-22 12:01:35 /bench1 ...................................... ~ 0.23ms
  2026-07-22 12:01:35 /bench1 ...................................... ~ 0.23ms
  2026-07-22 12:01:35 /bench1 ...................................... ~ 0.23ms
  2026-07-22 12:01:35 /bench1 ...................................... ~ 0.22ms
  2026-07-22 12:01:35 /bench1 .................................... ~ 505.35ms
  2026-07-22 12:01:35 /bench1 .................................... ~ 505.37ms
  2026-07-22 12:01:35 /bench1 ...................................... ~ 0.22ms
  2026-07-22 12:01:35 /bench1 ...................................... ~ 0.21ms
  2026-07-22 12:01:35 /bench1 ...................................... ~ 0.23ms
  2026-07-22 12:01:35 /bench1 ...................................... ~ 0.70ms
  2026-07-22 12:01:35 /bench1 ...................................... ~ 0.22ms
  2026-07-22 12:01:36 /bench1 ...................................... ~ 0.21ms
  2026-07-22 12:01:36 /bench1 ...................................... ~ 0.21ms
  2026-07-22 12:01:36 /bench1 ...................................... ~ 0.21ms
  2026-07-22 12:01:36 /bench1 .................................... ~ 505.72ms
  2026-07-22 12:01:36 /bench1 .................................... ~ 505.36ms
  2026-07-22 12:01:36 /bench1 ...................................... ~ 0.21ms
  2026-07-22 12:01:36 /bench1 ...................................... ~ 0.21ms
  2026-07-22 12:01:36 /bench1 ...................................... ~ 0.24ms
  2026-07-22 12:01:36 /bench1 ...................................... ~ 3.12ms
  2026-07-22 12:01:36 /bench1 ...................................... ~ 3.13ms
  2026-07-22 12:01:36 /bench1 ...................................... ~ 0.22ms
  2026-07-22 12:01:36 /bench1 ...................................... ~ 0.22ms
  2026-07-22 12:01:36 /bench1 ...................................... ~ 0.21ms
  2026-07-22 12:01:36 /bench1 .................................... ~ 505.33ms
  2026-07-22 12:01:36 /bench1 .................................... ~ 505.33ms
  2026-07-22 12:01:36 /bench1 ...................................... ~ 0.19ms
  2026-07-22 12:01:36 /bench1 ...................................... ~ 0.19ms
  2026-07-22 12:01:36 /bench1 ...................................... ~ 0.20ms
  2026-07-22 12:01:36 /bench1 ...................................... ~ 0.21ms
  2026-07-22 12:01:37 /bench1 ...................................... ~ 0.20ms
  2026-07-22 12:01:37 /bench1 ...................................... ~ 0.20ms
  2026-07-22 12:01:37 /bench1 ...................................... ~ 0.21ms
  2026-07-22 12:01:37 /bench1 ...................................... ~ 0.21ms
  2026-07-22 12:01:37 /bench1 .................................... ~ 505.32ms
  2026-07-22 12:01:37 /bench1 .................................... ~ 505.35ms
  2026-07-22 12:01:37 /bench1 ...................................... ~ 0.21ms
  2026-07-22 12:01:37 /bench1 ...................................... ~ 0.21ms
  2026-07-22 12:01:37 /bench1 ...................................... ~ 0.21ms
  2026-07-22 12:01:37 /bench1 ...................................... ~ 0.21ms
  2026-07-22 12:01:37 /bench1 ...................................... ~ 0.21ms
  2026-07-22 12:01:37 /bench1 ...................................... ~ 0.22ms
  2026-07-22 12:01:37 /bench1 ...................................... ~ 0.21ms
  2026-07-22 12:01:37 /bench1 ...................................... ~ 0.20ms
  2026-07-22 12:01:37 /bench1 .................................... ~ 505.30ms
  2026-07-22 12:01:37 /bench1 .................................... ~ 505.31ms
  2026-07-22 12:01:37 /bench1 ...................................... ~ 0.19ms
  2026-07-22 12:01:37 /bench1 ...................................... ~ 0.19ms
  2026-07-22 12:01:37 /bench1 ...................................... ~ 0.20ms
  2026-07-22 12:01:37 /bench1 ...................................... ~ 0.20ms
  2026-07-22 12:01:37 /bench1 ...................................... ~ 0.20ms
  2026-07-22 12:01:38 /bench1 ...................................... ~ 0.21ms
  2026-07-22 12:01:38 /bench1 ...................................... ~ 0.21ms
  2026-07-22 12:01:38 /bench1 ...................................... ~ 0.20ms
  2026-07-22 12:01:38 /bench1 ...................................... ~ 0.20ms
  2026-07-22 12:01:38 /bench1 .................................... ~ 505.29ms
  2026-07-22 12:01:38 /bench1 .................................... ~ 505.33ms
  2026-07-22 12:01:38 /bench1 ...................................... ~ 0.20ms
  2026-07-22 12:01:38 /bench1 ...................................... ~ 0.20ms
  2026-07-22 12:01:38 /bench1 ...................................... ~ 0.20ms
  2026-07-22 12:01:38 /bench1 ...................................... ~ 0.21ms
  2026-07-22 12:01:38 /bench1 ...................................... ~ 0.21ms
  2026-07-22 12:01:38 /bench1 ...................................... ~ 0.21ms
  2026-07-22 12:01:38 /bench1 ...................................... ~ 0.20ms
  2026-07-22 12:01:38 /bench1 ...................................... ~ 0.21ms
  2026-07-22 12:01:38 /bench1 ...................................... ~ 0.20ms
  2026-07-22 12:01:38 /bench1 .................................... ~ 505.30ms
  2026-07-22 12:01:38 /bench1 .................................... ~ 505.34ms
  2026-07-22 12:01:38 /bench1 ...................................... ~ 0.20ms
  2026-07-22 12:01:38 /bench1 ...................................... ~ 0.21ms
  2026-07-22 12:01:38 /bench1 ...................................... ~ 0.21ms
  2026-07-22 12:01:38 /bench1 ...................................... ~ 0.21ms
  2026-07-22 12:01:39 /bench1 ...................................... ~ 0.21ms
  2026-07-22 12:01:39 /bench1 ...................................... ~ 0.21ms
  2026-07-22 12:01:39 /bench1 ...................................... ~ 0.21ms
  2026-07-22 12:01:39 /bench1 ...................................... ~ 0.21ms
  2026-07-22 12:01:39 /bench1 .................................... ~ 505.32ms
  2026-07-22 12:01:39 /bench1 .................................... ~ 505.37ms
  2026-07-22 12:01:39 /bench1 ...................................... ~ 0.22ms
  2026-07-22 12:01:39 /bench1 ...................................... ~ 0.22ms
  2026-07-22 12:01:39 /bench1 ...................................... ~ 0.22ms
  2026-07-22 12:01:39 /bench1 ...................................... ~ 0.22ms
  2026-07-22 12:01:39 /bench1 ...................................... ~ 0.22ms
  2026-07-22 12:01:39 /bench1 ...................................... ~ 0.22ms
  2026-07-22 12:01:39 /bench1 ...................................... ~ 0.22ms
  2026-07-22 12:01:39 /bench1 ...................................... ~ 0.22ms
  2026-07-22 12:01:39 /bench1 .................................... ~ 504.71ms
  2026-07-22 12:01:39 /bench1 .................................... ~ 504.73ms
  2026-07-22 12:01:39 /bench1 ...................................... ~ 0.20ms
  2026-07-22 12:01:39 /bench1 ...................................... ~ 0.20ms
  2026-07-22 12:01:39 /bench1 ...................................... ~ 0.21ms
  2026-07-22 12:01:39 /bench1 ...................................... ~ 0.20ms
  2026-07-22 12:01:40 /bench1 ...................................... ~ 0.20ms
  2026-07-22 12:01:40 /bench1 ...................................... ~ 0.20ms
  2026-07-22 12:01:40 /bench1 ...................................... ~ 0.32ms
  2026-07-22 12:01:40 /bench1 ...................................... ~ 0.44ms
  2026-07-22 12:01:40 /bench1 ...................................... ~ 0.21ms
  2026-07-22 12:01:40 /bench1 .................................... ~ 505.30ms
  2026-07-22 12:01:40 /bench1 .................................... ~ 505.33ms
  2026-07-22 12:01:40 /bench1 ...................................... ~ 0.21ms
  2026-07-22 12:01:40 /bench1 ...................................... ~ 0.22ms
  2026-07-22 12:01:40 /bench1 ...................................... ~ 0.20ms
  2026-07-22 12:01:40 /bench1 ...................................... ~ 0.20ms
  2026-07-22 12:01:40 /bench1 ...................................... ~ 0.20ms
  2026-07-22 12:01:40 /bench1 ...................................... ~ 0.20ms
  2026-07-22 12:01:40 /bench1 ...................................... ~ 0.20ms
  2026-07-22 12:01:40 /bench1 ...................................... ~ 0.20ms
  2026-07-22 12:01:40 /bench1 ...................................... ~ 0.20ms
  2026-07-22 12:01:40 /bench1 .................................... ~ 505.32ms
  2026-07-22 12:01:40 /bench1 .................................... ~ 505.35ms
  2026-07-22 12:01:40 /bench1 ...................................... ~ 0.20ms
  2026-07-22 12:01:40 /bench1 ...................................... ~ 0.20ms
  2026-07-22 12:01:40 /bench1 ...................................... ~ 0.20ms
  2026-07-22 12:01:41 /bench1 ...................................... ~ 0.21ms
  2026-07-22 12:01:41 /bench1 ...................................... ~ 0.20ms
  2026-07-22 12:01:41 /bench1 ...................................... ~ 0.20ms
  2026-07-22 12:01:41 /bench1 ...................................... ~ 0.20ms
  2026-07-22 12:01:41 /bench1 ...................................... ~ 0.21ms
  2026-07-22 12:01:41 /bench1 .................................... ~ 505.32ms
  2026-07-22 12:01:41 /bench1 .................................... ~ 505.35ms
  2026-07-22 12:01:41 /bench1 ...................................... ~ 0.22ms
  2026-07-22 12:01:41 /bench1 ...................................... ~ 0.21ms
  2026-07-22 12:01:41 /bench1 ...................................... ~ 0.21ms
  2026-07-22 12:01:41 /bench1 ...................................... ~ 0.20ms
  2026-07-22 12:01:41 /bench1 ...................................... ~ 0.20ms
  2026-07-22 12:01:41 /bench1 ...................................... ~ 0.19ms
  2026-07-22 12:01:41 /bench1 ...................................... ~ 0.20ms
  2026-07-22 12:01:41 /bench1 ...................................... ~ 0.20ms
  2026-07-22 12:01:41 /bench1 .................................... ~ 505.30ms
  2026-07-22 12:01:41 /bench1 .................................... ~ 505.33ms
  2026-07-22 12:01:41 /bench1 ...................................... ~ 0.21ms
  2026-07-22 12:01:41 /bench1 ...................................... ~ 0.20ms
  2026-07-22 12:01:41 /bench1 ...................................... ~ 0.19ms
  2026-07-22 12:01:41 /bench1 ...................................... ~ 0.19ms
  2026-07-22 12:01:42 /bench1 ...................................... ~ 0.20ms
  2026-07-22 12:01:42 /bench1 ...................................... ~ 0.20ms
  2026-07-22 12:01:42 /bench1 ...................................... ~ 0.20ms
  2026-07-22 12:01:42 /bench1 ...................................... ~ 0.20ms
  2026-07-22 12:01:42 /bench1 ...................................... ~ 0.20ms
  2026-07-22 12:01:42 /bench1 .................................... ~ 505.31ms
  2026-07-22 12:01:42 /bench1 .................................... ~ 505.34ms
  2026-07-22 12:01:42 /bench1 ...................................... ~ 0.20ms
  2026-07-22 12:01:42 /bench1 ...................................... ~ 0.21ms
  2026-07-22 12:01:42 /bench1 ...................................... ~ 0.20ms
  2026-07-22 12:01:42 /bench1 ...................................... ~ 0.20ms
  2026-07-22 12:01:42 /bench1 ...................................... ~ 0.21ms
  2026-07-22 12:01:42 /bench1 ...................................... ~ 0.21ms
  2026-07-22 12:01:42 /bench1 ...................................... ~ 0.21ms
  2026-07-22 12:01:42 /bench1 ...................................... ~ 0.21ms
  2026-07-22 12:01:42 /bench1 ...................................... ~ 0.20ms
  2026-07-22 12:01:42 /bench1 .................................... ~ 505.30ms
  2026-07-22 12:01:42 /bench1 .................................... ~ 505.33ms
  2026-07-22 12:01:42 /bench1 ...................................... ~ 0.21ms
  2026-07-22 12:01:42 /bench1 ...................................... ~ 0.66ms
  2026-07-22 12:01:42 /bench1 ...................................... ~ 0.20ms
  2026-07-22 12:01:43 /bench1 ...................................... ~ 0.19ms
  2026-07-22 12:01:43 /bench1 ...................................... ~ 0.19ms
  2026-07-22 12:01:43 /bench1 ...................................... ~ 0.20ms
  2026-07-22 12:01:43 /bench1 ...................................... ~ 0.20ms
  2026-07-22 12:01:43 /bench1 ...................................... ~ 0.20ms
  2026-07-22 12:01:43 /bench1 ...................................... ~ 0.20ms
  2026-07-22 12:01:43 /bench1 .................................... ~ 505.30ms
  2026-07-22 12:01:43 /bench1 .................................... ~ 505.34ms
  2026-07-22 12:01:43 /bench1 ...................................... ~ 0.22ms
  2026-07-22 12:01:43 /bench1 ...................................... ~ 0.23ms
  2026-07-22 12:01:43 /bench1 ...................................... ~ 0.23ms
  2026-07-22 12:01:43 /bench1 ...................................... ~ 0.21ms
  2026-07-22 12:01:43 /bench1 ...................................... ~ 0.22ms
  2026-07-22 12:01:43 /bench1 ...................................... ~ 0.21ms
  2026-07-22 12:01:43 /bench1 ...................................... ~ 0.21ms
  2026-07-22 12:01:43 /bench1 ...................................... ~ 0.21ms
  2026-07-22 12:01:43 /bench1 .................................... ~ 505.30ms
  2026-07-22 12:01:43 /bench1 .................................... ~ 505.32ms
  2026-07-22 12:01:43 /bench1 ...................................... ~ 0.20ms
  2026-07-22 12:01:43 /bench1 ...................................... ~ 0.21ms
  2026-07-22 12:01:43 /bench1 ...................................... ~ 0.21ms
  2026-07-22 12:01:44 /bench1 ...................................... ~ 0.21ms
  2026-07-22 12:01:44 /bench1 ...................................... ~ 0.22ms
  2026-07-22 12:01:44 /bench1 ...................................... ~ 0.21ms
  2026-07-22 12:01:44 /bench1 ...................................... ~ 0.21ms
  2026-07-22 12:01:44 /bench1 ...................................... ~ 0.21ms
  2026-07-22 12:01:44 /bench1 ...................................... ~ 0.21ms
  2026-07-22 12:01:44 /bench1 .................................... ~ 505.32ms
  2026-07-22 12:01:44 /bench1 .................................... ~ 505.36ms
  2026-07-22 12:01:44 /bench1 ...................................... ~ 0.21ms
  2026-07-22 12:01:44 /bench1 ...................................... ~ 0.21ms
  2026-07-22 12:01:44 /bench1 ...................................... ~ 0.21ms
  2026-07-22 12:01:44 /bench1 ...................................... ~ 0.21ms
  2026-07-22 12:01:44 /bench1 ...................................... ~ 0.22ms
  2026-07-22 12:01:44 /bench1 ...................................... ~ 0.21ms
  2026-07-22 12:01:44 /bench1 ...................................... ~ 0.20ms
  2026-07-22 12:01:44 /bench1 ...................................... ~ 0.20ms
  2026-07-22 12:01:44 /bench1 ...................................... ~ 0.21ms
  2026-07-22 12:01:44 /bench1 .................................... ~ 505.32ms
  2026-07-22 12:01:44 /bench1 .................................... ~ 505.34ms
  2026-07-22 12:01:44 /bench1 ...................................... ~ 0.20ms
  2026-07-22 12:01:44 /bench1 ...................................... ~ 0.21ms
  2026-07-22 12:01:45 /bench1 ...................................... ~ 0.20ms
  2026-07-22 12:01:45 /bench1 ...................................... ~ 0.20ms
  2026-07-22 12:01:45 /bench1 ...................................... ~ 0.21ms
  2026-07-22 12:01:45 /bench1 ...................................... ~ 0.21ms
  2026-07-22 12:01:45 /bench1 ...................................... ~ 0.21ms
  2026-07-22 12:01:45 /bench1 ...................................... ~ 0.21ms
  2026-07-22 12:01:45 /bench1 .................................... ~ 501.27ms
  2026-07-22 12:01:45 /bench1 .................................... ~ 501.30ms
  2026-07-22 12:01:45 /bench1 ...................................... ~ 0.21ms
  2026-07-22 12:01:45 /bench1 ...................................... ~ 0.21ms
  2026-07-22 12:01:45 /bench1 ...................................... ~ 0.65ms
  2026-07-22 12:01:45 /bench1 ...................................... ~ 0.24ms
  2026-07-22 12:01:45 /bench1 ...................................... ~ 0.21ms
  2026-07-22 12:01:45 /bench1 ...................................... ~ 0.20ms
  2026-07-22 12:01:45 /bench1 ...................................... ~ 0.76ms
  2026-07-22 12:01:45 /bench1 .................................... ~ 500.61ms
  2026-07-22 12:01:45 /bench1 .................................... ~ 500.62ms
  2026-07-22 12:01:45 /bench1 ...................................... ~ 0.22ms
  2026-07-22 12:01:45 /bench1 ...................................... ~ 0.22ms
  2026-07-22 12:01:46 /bench1 ...................................... ~ 0.67ms
  2026-07-22 12:01:46 /bench1 ...................................... ~ 0.25ms
  2026-07-22 12:01:46 /bench1 ...................................... ~ 0.22ms
  2026-07-22 12:01:46 /bench1 ...................................... ~ 0.22ms
  2026-07-22 12:01:46 /bench1 ...................................... ~ 0.21ms
  2026-07-22 12:01:46 /bench1 ...................................... ~ 0.43ms
  2026-07-22 12:01:46 /bench1 .................................... ~ 505.37ms
  2026-07-22 12:01:46 /bench1 .................................... ~ 505.42ms
  2026-07-22 12:01:46 /bench1 ...................................... ~ 0.25ms
  2026-07-22 12:01:46 /bench1 ...................................... ~ 0.63ms
  2026-07-22 12:01:46 /bench1 ...................................... ~ 0.23ms
  2026-07-22 12:01:46 /bench1 ...................................... ~ 0.26ms
  2026-07-22 12:01:46 /bench1 ...................................... ~ 0.24ms
  2026-07-22 12:01:46 /bench1 ...................................... ~ 0.22ms
  2026-07-22 12:01:46 /bench1 ...................................... ~ 0.21ms
  2026-07-22 12:01:46 /bench1 ...................................... ~ 0.43ms
  2026-07-22 12:01:46 /bench1 .................................... ~ 505.33ms
  2026-07-22 12:01:46 /bench1 .................................... ~ 505.33ms
  2026-07-22 12:01:46 /bench1 ...................................... ~ 0.20ms
  2026-07-22 12:01:46 /bench1 ...................................... ~ 0.20ms
  2026-07-22 12:01:47 /bench1 ...................................... ~ 0.21ms
  2026-07-22 12:01:47 /bench1 ...................................... ~ 0.21ms
  2026-07-22 12:01:47 /bench1 ...................................... ~ 0.21ms
  2026-07-22 12:01:47 /bench1 ...................................... ~ 0.21ms
  2026-07-22 12:01:47 /bench1 ...................................... ~ 0.20ms
  2026-07-22 12:01:47 /bench1 ...................................... ~ 0.20ms
  2026-07-22 12:01:47 /bench1 .................................... ~ 505.29ms
  2026-07-22 12:01:47 /bench1 .................................... ~ 505.31ms
  2026-07-22 12:01:47 /bench1 ...................................... ~ 0.20ms
  2026-07-22 12:01:47 /bench1 ...................................... ~ 0.21ms
  2026-07-22 12:01:47 /bench1 ...................................... ~ 0.21ms
  2026-07-22 12:01:47 /bench1 ...................................... ~ 0.21ms
  2026-07-22 12:01:47 /bench1 ...................................... ~ 0.21ms
  2026-07-22 12:01:47 /bench1 ...................................... ~ 0.21ms
  2026-07-22 12:01:47 /bench1 ...................................... ~ 0.21ms
  2026-07-22 12:01:47 /bench1 ...................................... ~ 0.21ms
  2026-07-22 12:01:47 /bench1 .................................... ~ 505.32ms
  2026-07-22 12:01:47 /bench1 .................................... ~ 505.32ms
  2026-07-22 12:01:47 /bench1 ...................................... ~ 0.20ms
  2026-07-22 12:01:47 /bench1 ...................................... ~ 0.20ms
  2026-07-22 12:01:48 /bench1 ...................................... ~ 0.20ms
  2026-07-22 12:01:48 /bench1 ...................................... ~ 0.20ms
  2026-07-22 12:01:48 /bench1 ...................................... ~ 0.21ms
  2026-07-22 12:01:48 /bench1 ...................................... ~ 0.21ms
  2026-07-22 12:01:48 /bench1 ...................................... ~ 0.20ms
  2026-07-22 12:01:48 /bench1 ...................................... ~ 0.20ms
  2026-07-22 12:01:48 /bench1 ...................................... ~ 0.20ms
  2026-07-22 12:01:48 /bench1 .................................... ~ 505.62ms
  2026-07-22 12:01:48 /bench1 .................................... ~ 505.68ms
  2026-07-22 12:01:48 /bench1 ...................................... ~ 0.21ms
  2026-07-22 12:01:48 /bench1 ...................................... ~ 1.15ms
  2026-07-22 12:01:48 /bench1 ...................................... ~ 0.24ms
  2026-07-22 12:01:48 /bench1 ...................................... ~ 0.77ms
  2026-07-22 12:01:48 /bench1 ...................................... ~ 0.25ms
  2026-07-22 12:01:48 /bench1 ...................................... ~ 0.23ms
  2026-07-22 12:01:48 /bench1 ...................................... ~ 0.43ms
  2026-07-22 12:01:48 /bench1 ...................................... ~ 1.10ms
  2026-07-22 12:01:48 /bench1 .................................... ~ 505.33ms
  2026-07-22 12:01:48 /bench1 .................................... ~ 505.34ms
  2026-07-22 12:01:48 /bench1 ...................................... ~ 0.20ms
  2026-07-22 12:01:48 /bench1 ...................................... ~ 0.20ms
  2026-07-22 12:01:49 /bench1 ...................................... ~ 0.20ms
  2026-07-22 12:01:49 /bench1 ...................................... ~ 0.20ms
  2026-07-22 12:01:49 /bench1 ...................................... ~ 0.20ms
  2026-07-22 12:01:49 /bench1 ...................................... ~ 0.20ms
  2026-07-22 12:01:49 /bench1 ...................................... ~ 0.21ms
  2026-07-22 12:01:49 /bench1 ...................................... ~ 0.20ms
  2026-07-22 12:01:49 /bench1 ...................................... ~ 0.21ms
  2026-07-22 12:01:49 /bench1 .................................... ~ 505.31ms
  2026-07-22 12:01:49 /bench1 .................................... ~ 505.33ms
  2026-07-22 12:01:49 /bench1 ...................................... ~ 0.21ms
  2026-07-22 12:01:49 /bench1 ...................................... ~ 0.20ms
  2026-07-22 12:01:49 /bench1 ...................................... ~ 0.20ms
  2026-07-22 12:01:49 /bench1 ...................................... ~ 0.45ms
  2026-07-22 12:01:49 /bench1 ...................................... ~ 0.21ms
  2026-07-22 12:01:49 /bench1 ...................................... ~ 0.19ms
  2026-07-22 12:01:49 /bench1 ...................................... ~ 0.21ms
  2026-07-22 12:01:49 /bench1 ...................................... ~ 0.20ms
  2026-07-22 12:01:49 /bench1 .................................... ~ 505.31ms
  2026-07-22 12:01:49 /bench1 .................................... ~ 505.33ms
  2026-07-22 12:01:49 /bench1 ...................................... ~ 0.20ms
  2026-07-22 12:01:50 /bench1 ...................................... ~ 0.20ms
  2026-07-22 12:01:50 /bench1 ...................................... ~ 0.19ms
  2026-07-22 12:01:50 /bench1 ...................................... ~ 0.19ms
  2026-07-22 12:01:50 /bench1 ...................................... ~ 0.20ms
  2026-07-22 12:01:50 /bench1 ...................................... ~ 0.19ms
  2026-07-22 12:01:50 /bench1 ...................................... ~ 0.19ms
  2026-07-22 12:01:50 /bench1 ...................................... ~ 0.20ms
  2026-07-22 12:01:50 /bench1 .................................... ~ 505.30ms
  2026-07-22 12:01:50 /bench1 .................................... ~ 505.33ms
  2026-07-22 12:01:50 /bench1 ...................................... ~ 0.20ms
  2026-07-22 12:01:50 /bench1 ...................................... ~ 0.20ms
  2026-07-22 12:01:50 /bench1 ...................................... ~ 0.20ms
  2026-07-22 12:01:50 /bench1 ...................................... ~ 0.21ms
  2026-07-22 12:01:50 /bench1 ...................................... ~ 0.21ms
  2026-07-22 12:01:50 /bench1 ...................................... ~ 0.20ms
  2026-07-22 12:01:50 /bench1 ...................................... ~ 0.21ms
  2026-07-22 12:01:50 /bench1 ...................................... ~ 0.20ms
  2026-07-22 12:01:50 /bench1 ...................................... ~ 0.20ms
  2026-07-22 12:01:50 /bench1 .................................... ~ 505.32ms
  2026-07-22 12:01:50 /bench1 .................................... ~ 505.36ms
  2026-07-22 12:01:50 /bench1 ...................................... ~ 0.21ms
  2026-07-22 12:01:51 /bench1 ...................................... ~ 0.20ms
  2026-07-22 12:01:51 /bench1 ...................................... ~ 0.19ms
  2026-07-22 12:01:51 /bench1 ...................................... ~ 0.20ms
  2026-07-22 12:01:51 /bench1 ...................................... ~ 0.20ms
  2026-07-22 12:01:51 /bench1 ...................................... ~ 0.20ms
  2026-07-22 12:01:51 /bench1 ...................................... ~ 0.21ms
  2026-07-22 12:01:51 /bench1 ...................................... ~ 0.20ms
  2026-07-22 12:01:51 /bench1 ...................................... ~ 0.20ms
  2026-07-22 12:01:51 /bench1 .................................... ~ 505.30ms
  2026-07-22 12:01:51 /bench1 .................................... ~ 505.32ms
  2026-07-22 12:01:51 /bench1 ...................................... ~ 0.20ms
  2026-07-22 12:01:51 /bench1 ...................................... ~ 0.20ms
  2026-07-22 12:01:51 /bench1 ...................................... ~ 0.20ms
  2026-07-22 12:01:51 /bench1 ...................................... ~ 0.20ms
  2026-07-22 12:01:51 /bench1 ...................................... ~ 0.20ms
  2026-07-22 12:01:51 /bench1 ...................................... ~ 0.21ms
  2026-07-22 12:01:51 /bench1 ...................................... ~ 0.20ms
  2026-07-22 12:01:51 /bench1 ...................................... ~ 0.20ms
  2026-07-22 12:01:51 /bench1 .................................... ~ 500.99ms
  2026-07-22 12:01:51 /bench1 .................................... ~ 501.01ms
  2026-07-22 12:01:52 /bench1 ...................................... ~ 0.19ms
  2026-07-22 12:01:52 /bench1 ...................................... ~ 0.19ms
  2026-07-22 12:01:52 /bench1 ...................................... ~ 0.59ms
  2026-07-22 12:01:52 /bench1 ...................................... ~ 0.21ms
  2026-07-22 12:01:52 /bench1 ...................................... ~ 0.20ms
  2026-07-22 12:01:52 /bench1 ...................................... ~ 0.20ms
  2026-07-22 12:01:52 /bench1 ...................................... ~ 0.35ms
  2026-07-22 12:01:52 /bench1 ...................................... ~ 0.67ms
  2026-07-22 12:01:52 /bench1 .................................... ~ 505.32ms
  2026-07-22 12:01:52 /bench1 .................................... ~ 505.34ms
  2026-07-22 12:01:52 /bench1 ...................................... ~ 0.21ms
  2026-07-22 12:01:52 /bench1 ...................................... ~ 0.21ms
  2026-07-22 12:01:52 /bench1 ...................................... ~ 0.21ms
  2026-07-22 12:01:52 /bench1 ...................................... ~ 0.21ms
  2026-07-22 12:01:52 /bench1 ...................................... ~ 0.22ms
  2026-07-22 12:01:52 /bench1 ...................................... ~ 0.22ms
  2026-07-22 12:01:52 /bench1 ...................................... ~ 0.21ms
  2026-07-22 12:01:52 /bench1 ...................................... ~ 0.21ms
  2026-07-22 12:01:52 /bench1 ...................................... ~ 0.21ms
  2026-07-22 12:01:52 /bench1 .................................... ~ 505.32ms
  2026-07-22 12:01:52 /bench1 .................................... ~ 505.34ms
  2026-07-22 12:01:53 /bench1 ...................................... ~ 0.21ms
  2026-07-22 12:01:53 /bench1 ...................................... ~ 0.21ms
  2026-07-22 12:01:53 /bench1 ...................................... ~ 0.21ms
  2026-07-22 12:01:53 /bench1 ...................................... ~ 0.21ms
  2026-07-22 12:01:53 /bench1 ...................................... ~ 0.21ms
  2026-07-22 12:01:53 /bench1 ...................................... ~ 0.21ms
  2026-07-22 12:01:53 /bench1 ...................................... ~ 0.22ms
  2026-07-22 12:01:53 /bench1 ...................................... ~ 0.22ms
  2026-07-22 12:01:53 /bench1 ...................................... ~ 0.21ms
  2026-07-22 12:01:53 /bench1 .................................... ~ 505.32ms
  2026-07-22 12:01:53 /bench1 .................................... ~ 505.35ms
  2026-07-22 12:01:53 /bench1 ...................................... ~ 0.21ms
  2026-07-22 12:01:53 /bench1 ...................................... ~ 0.22ms
  2026-07-22 12:01:53 /bench1 ...................................... ~ 0.21ms
  2026-07-22 12:01:53 /bench1 ...................................... ~ 0.21ms
  2026-07-22 12:01:53 /bench1 ...................................... ~ 0.21ms
  2026-07-22 12:01:53 /bench1 ...................................... ~ 0.23ms
  2026-07-22 12:01:53 /bench1 ...................................... ~ 0.22ms
  2026-07-22 12:01:53 /bench1 ...................................... ~ 0.22ms
  2026-07-22 12:01:53 /bench1 .................................... ~ 505.30ms
  2026-07-22 12:01:53 /bench1 .................................... ~ 505.29ms
  2026-07-22 12:01:54 /bench1 ...................................... ~ 0.19ms
  2026-07-22 12:01:54 /bench1 ...................................... ~ 0.20ms
  2026-07-22 12:01:54 /bench1 ...................................... ~ 0.20ms
  2026-07-22 12:01:54 /bench1 ...................................... ~ 0.21ms
  2026-07-22 12:01:54 /bench1 ...................................... ~ 0.21ms
  2026-07-22 12:01:54 /bench1 ...................................... ~ 0.21ms
  2026-07-22 12:01:54 /bench1 ...................................... ~ 0.21ms
  2026-07-22 12:01:54 /bench1 ...................................... ~ 0.21ms
  2026-07-22 12:01:54 /bench1 ...................................... ~ 0.21ms
  2026-07-22 12:01:54 /bench1 .................................... ~ 505.33ms
  2026-07-22 12:01:54 /bench1 .................................... ~ 505.35ms
  2026-07-22 12:01:54 /bench1 ...................................... ~ 0.75ms
  2026-07-22 12:01:54 /bench1 ...................................... ~ 0.23ms
  2026-07-22 12:01:54 /bench1 ...................................... ~ 0.21ms
  2026-07-22 12:01:54 /bench1 ...................................... ~ 0.22ms
  2026-07-22 12:01:54 /bench1 ...................................... ~ 0.21ms
  2026-07-22 12:01:54 /bench1 ...................................... ~ 0.21ms
  2026-07-22 12:01:54 /bench1 ...................................... ~ 0.21ms
  2026-07-22 12:01:54 /bench1 ...................................... ~ 0.21ms
  2026-07-22 12:01:54 /bench1 ...................................... ~ 0.20ms
  2026-07-22 12:01:54 /bench1 .................................... ~ 505.50ms
  2026-07-22 12:01:55 /bench1 .................................... ~ 505.35ms
  2026-07-22 12:01:55 /bench1 ...................................... ~ 0.21ms
  2026-07-22 12:01:55 /bench1 ...................................... ~ 0.21ms
  2026-07-22 12:01:55 /bench1 ...................................... ~ 0.21ms
  2026-07-22 12:01:55 /bench1 ...................................... ~ 0.21ms
  2026-07-22 12:01:55 /bench1 ...................................... ~ 0.21ms
  2026-07-22 12:01:55 /bench1 ...................................... ~ 0.21ms
  2026-07-22 12:01:55 /bench1 ...................................... ~ 0.20ms
  2026-07-22 12:01:55 /bench1 ...................................... ~ 0.21ms
  2026-07-22 12:01:55 /bench1 .................................... ~ 505.32ms
  2026-07-22 12:01:55 /bench1 .................................... ~ 505.36ms
  2026-07-22 12:01:55 /bench1 ...................................... ~ 0.22ms
  2026-07-22 12:01:55 /bench1 ...................................... ~ 1.26ms
  2026-07-22 12:01:55 /bench1 ...................................... ~ 0.22ms
  2026-07-22 12:01:55 /bench1 ...................................... ~ 0.21ms
  2026-07-22 12:01:55 /bench1 ...................................... ~ 0.60ms
  2026-07-22 12:01:55 /bench1 ...................................... ~ 0.21ms
  2026-07-22 12:01:55 /bench1 ...................................... ~ 0.21ms
  2026-07-22 12:01:55 /bench1 .................................... ~ 505.36ms
  2026-07-22 12:01:56 /bench1 .................................... ~ 505.39ms
  2026-07-22 12:01:56 /bench1 ...................................... ~ 0.20ms
  2026-07-22 12:01:56 /bench1 ...................................... ~ 0.21ms
  2026-07-22 12:01:56 /bench1 ...................................... ~ 0.21ms
  2026-07-22 12:01:56 /bench1 ...................................... ~ 0.22ms
  2026-07-22 12:01:56 /bench1 ...................................... ~ 0.20ms
  2026-07-22 12:01:56 /bench1 ...................................... ~ 0.20ms
  2026-07-22 12:01:56 /bench1 ...................................... ~ 0.18ms

   INFO  Environment modified. Restarting server...  

   INFO  Server running on [http://127.0.0.1:8001].  

  Press Ctrl+C to stop the server


   INFO  Environment modified. Restarting server...  

   INFO  Server running on [http://127.0.0.1:8001].  

  Press Ctrl+C to stop the server


   INFO  Environment modified. Restarting server...  

   INFO  Server running on [http://127.0.0.1:8001].  

  Press Ctrl+C to stop the server


   INFO  Environment modified. Restarting server...  

   INFO  Server running on [http://127.0.0.1:8001].  

  Press Ctrl+C to stop the server


   INFO  Environment modified. Restarting server...  

   INFO  Server running on [http://127.0.0.1:8001].  

  Press Ctrl+C to stop the server


   INFO  Environment modified. Restarting server...  

   INFO  Server running on [http://127.0.0.1:8001].  

  Press Ctrl+C to stop the server


   INFO  Environment modified. Restarting server...  

   INFO  Server running on [http://127.0.0.1:8001].  

  Press Ctrl+C to stop the server


   INFO  Environment modified. Restarting server...  

   INFO  Server running on [http://127.0.0.1:8001].  

  Press Ctrl+C to stop the server


   INFO  Environment modified. Restarting server...  

   INFO  Server running on [http://127.0.0.1:8001].  

  Press Ctrl+C to stop the server


   INFO  Environment modified. Restarting server...  

   INFO  Server running on [http://127.0.0.1:8001].  

  Press Ctrl+C to stop the server


   INFO  Environment modified. Restarting server...  

   INFO  Server running on [http://127.0.0.1:8001].  

  Press Ctrl+C to stop the server


   INFO  Environment modified. Restarting server...  

   INFO  Server running on [http://127.0.0.1:8001].  

  Press Ctrl+C to stop the server


   INFO  Environment modified. Restarting server...  

   INFO  Server running on [http://127.0.0.1:8001].  

  Press Ctrl+C to stop the server


   INFO  Environment modified. Restarting server...  

   INFO  Server running on [http://127.0.0.1:8001].  

  Press Ctrl+C to stop the server


   INFO  Environment modified. Restarting server...  

   INFO  Server running on [http://127.0.0.1:8001].  

  Press Ctrl+C to stop the server


   INFO  Environment modified. Restarting server...  

   INFO  Server running on [http://127.0.0.1:8001].  

  Press Ctrl+C to stop the server


   INFO  Environment modified. Restarting server...  

   INFO  Server running on [http://127.0.0.1:8001].  

  Press Ctrl+C to stop the server


   INFO  Environment modified. Restarting server...  

   INFO  Server running on [http://127.0.0.1:8001].  

  Press Ctrl+C to stop the server


   INFO  Environment modified. Restarting server...  

   INFO  Server running on [http://127.0.0.1:8001].  

  Press Ctrl+C to stop the server


   INFO  Environment modified. Restarting server...  

   INFO  Server running on [http://127.0.0.1:8001].  

  Press Ctrl+C to stop the server


   INFO  Environment modified. Restarting server...  

   INFO  Server running on [http://127.0.0.1:8001].  

  Press Ctrl+C to stop the server


   INFO  Environment modified. Restarting server...  

   INFO  Server running on [http://127.0.0.1:8001].  

  Press Ctrl+C to stop the server


   INFO  Environment modified. Restarting server...  

   INFO  Server running on [http://127.0.0.1:8001].  

  Press Ctrl+C to stop the server


   INFO  Environment modified. Restarting server...  

   INFO  Server running on [http://127.0.0.1:8001].  

  Press Ctrl+C to stop the server


   INFO  Environment modified. Restarting server...  

   INFO  Server running on [http://127.0.0.1:8001].  

  Press Ctrl+C to stop the server


   INFO  Environment modified. Restarting server...  

   INFO  Server running on [http://127.0.0.1:8001].  

  Press Ctrl+C to stop the server


   INFO  Environment modified. Restarting server...  

   INFO  Server running on [http://127.0.0.1:8001].  

  Press Ctrl+C to stop the server


   INFO  Environment modified. Restarting server...  

   INFO  Server running on [http://127.0.0.1:8001].  

  Press Ctrl+C to stop the server


   INFO  Environment modified. Restarting server...  

   INFO  Server running on [http://127.0.0.1:8001].  

  Press Ctrl+C to stop the server


   INFO  Environment modified. Restarting server...  

   INFO  Server running on [http://127.0.0.1:8001].  

  Press Ctrl+C to stop the server


   INFO  Environment modified. Restarting server...  

   INFO  Server running on [http://127.0.0.1:8001].  

  Press Ctrl+C to stop the server


   INFO  Environment modified. Restarting server...  

   INFO  Server running on [http://127.0.0.1:8001].  

  Press Ctrl+C to stop the server


   INFO  Environment modified. Restarting server...  

   INFO  Server running on [http://127.0.0.1:8001].  

  Press Ctrl+C to stop the server


   INFO  Environment modified. Restarting server...  

   INFO  Server running on [http://127.0.0.1:8001].  

  Press Ctrl+C to stop the server


   INFO  Environment modified. Restarting server...  

   INFO  Server running on [http://127.0.0.1:8001].  

  Press Ctrl+C to stop the server


   INFO  Environment modified. Restarting server...  

   INFO  Server running on [http://127.0.0.1:8001].  

  Press Ctrl+C to stop the server


   INFO  Environment modified. Restarting server...  

   INFO  Server running on [http://127.0.0.1:8001].  

  Press Ctrl+C to stop the server


   INFO  Environment modified. Restarting server...  

   INFO  Server running on [http://127.0.0.1:8001].  

  Press Ctrl+C to stop the server


   INFO  Environment modified. Restarting server...  

   INFO  Server running on [http://127.0.0.1:8001].  

  Press Ctrl+C to stop the server


   INFO  Environment modified. Restarting server...  

   INFO  Server running on [http://127.0.0.1:8001].  

  Press Ctrl+C to stop the server


   INFO  Environment modified. Restarting server...  

   INFO  Server running on [http://127.0.0.1:8001].  

  Press Ctrl+C to stop the server


   INFO  Environment modified. Restarting server...  

   INFO  Server running on [http://127.0.0.1:8001].  

  Press Ctrl+C to stop the server


   INFO  Environment modified. Restarting server...  

   INFO  Server running on [http://127.0.0.1:8001].  

  Press Ctrl+C to stop the server


   INFO  Environment modified. Restarting server...  

   INFO  Server running on [http://127.0.0.1:8001].  

  Press Ctrl+C to stop the server


   INFO  Environment modified. Restarting server...  

   INFO  Server running on [http://127.0.0.1:8001].  

  Press Ctrl+C to stop the server


   INFO  Environment modified. Restarting server...  

   INFO  Server running on [http://127.0.0.1:8001].  

  Press Ctrl+C to stop the server


   INFO  Environment modified. Restarting server...  

   INFO  Server running on [http://127.0.0.1:8001].  

  Press Ctrl+C to stop the server


   INFO  Environment modified. Restarting server...  

   INFO  Server running on [http://127.0.0.1:8001].  

  Press Ctrl+C to stop the server


   INFO  Environment modified. Restarting server...  

   INFO  Server running on [http://127.0.0.1:8001].  

  Press Ctrl+C to stop the server


   INFO  Environment modified. Restarting server...  

   INFO  Server running on [http://127.0.0.1:8001].  

  Press Ctrl+C to stop the server


   INFO  Environment modified. Restarting server...  

   INFO  Server running on [http://127.0.0.1:8001].  

  Press Ctrl+C to stop the server


   INFO  Environment modified. Restarting server...  

   INFO  Server running on [http://127.0.0.1:8001].  

  Press Ctrl+C to stop the server


   INFO  Environment modified. Restarting server...  

   INFO  Server running on [http://127.0.0.1:8001].  

  Press Ctrl+C to stop the server


   INFO  Environment modified. Restarting server...  

   INFO  Server running on [http://127.0.0.1:8001].  

  Press Ctrl+C to stop the server


   INFO  Environment modified. Restarting server...  

   INFO  Server running on [http://127.0.0.1:8001].  

  Press Ctrl+C to stop the server


   INFO  Environment modified. Restarting server...  

   INFO  Server running on [http://127.0.0.1:8001].  

  Press Ctrl+C to stop the server


   INFO  Environment modified. Restarting server...  

   INFO  Server running on [http://127.0.0.1:8001].  

  Press Ctrl+C to stop the server


   INFO  Environment modified. Restarting server...  

   INFO  Server running on [http://127.0.0.1:8001].  

  Press Ctrl+C to stop the server


   INFO  Environment modified. Restarting server...  

   INFO  Server running on [http://127.0.0.1:8001].  

  Press Ctrl+C to stop the server


   INFO  Environment modified. Restarting server...  

   INFO  Server running on [http://127.0.0.1:8001].  

  Press Ctrl+C to stop the server


   INFO  Environment modified. Restarting server...  

   INFO  Server running on [http://127.0.0.1:8001].  

  Press Ctrl+C to stop the server


   INFO  Environment modified. Restarting server...  

   INFO  Server running on [http://127.0.0.1:8001].  

  Press Ctrl+C to stop the server


   INFO  Environment modified. Restarting server...  

   INFO  Server running on [http://127.0.0.1:8001].  

  Press Ctrl+C to stop the server


   INFO  Environment modified. Restarting server...  

   INFO  Server running on [http://127.0.0.1:8001].  

  Press Ctrl+C to stop the server


   INFO  Environment modified. Restarting server...  

   INFO  Server running on [http://127.0.0.1:8001].  

  Press Ctrl+C to stop the server


   INFO  Environment modified. Restarting server...  

   INFO  Server running on [http://127.0.0.1:8001].  

  Press Ctrl+C to stop the server


   INFO  Environment modified. Restarting server...  

   INFO  Server running on [http://127.0.0.1:8001].  

  Press Ctrl+C to stop the server


   INFO  Environment modified. Restarting server...  

   INFO  Server running on [http://127.0.0.1:8001].  

  Press Ctrl+C to stop the server


   INFO  Environment modified. Restarting server...  

   INFO  Server running on [http://127.0.0.1:8001].  

  Press Ctrl+C to stop the server


   INFO  Environment modified. Restarting server...  

   INFO  Server running on [http://127.0.0.1:8001].  

  Press Ctrl+C to stop the server


   INFO  Environment modified. Restarting server...  

   INFO  Server running on [http://127.0.0.1:8001].  

  Press Ctrl+C to stop the server


   INFO  Environment modified. Restarting server...  

   INFO  Server running on [http://127.0.0.1:8001].  

  Press Ctrl+C to stop the server


   INFO  Environment modified. Restarting server...  

   INFO  Server running on [http://127.0.0.1:8001].  

  Press Ctrl+C to stop the server


   INFO  Environment modified. Restarting server...  

   INFO  Server running on [http://127.0.0.1:8001].  

  Press Ctrl+C to stop the server


   INFO  Environment modified. Restarting server...  

   INFO  Server running on [http://127.0.0.1:8001].  

  Press Ctrl+C to stop the server


   INFO  Environment modified. Restarting server...  

   INFO  Server running on [http://127.0.0.1:8001].  

  Press Ctrl+C to stop the server


   INFO  Environment modified. Restarting server...  

   INFO  Server running on [http://127.0.0.1:8001].  

  Press Ctrl+C to stop the server


   INFO  Environment modified. Restarting server...  

   INFO  Server running on [http://127.0.0.1:8001].  

  Press Ctrl+C to stop the server


   INFO  Environment modified. Restarting server...  

   INFO  Server running on [http://127.0.0.1:8001].  

  Press Ctrl+C to stop the server


   INFO  Environment modified. Restarting server...  

   INFO  Server running on [http://127.0.0.1:8001].  

  Press Ctrl+C to stop the server

  2026-07-30 14:17:17 / ............................................ ~ 2.01ms
  2026-07-30 14:17:17 .................................................. ~ 1s

   INFO  Environment modified. Restarting server...  

   INFO  Server running on [http://127.0.0.1:8001].  

  Press Ctrl+C to stop the server

  2026-07-30 14:17:56 / ............................................ ~ 0.11ms
  2026-07-30 14:17:56 .................................................. ~ 1s
  2026-07-30 14:17:59 /elido_logo.jpg .............................. ~ 2.13ms

   INFO  Environment modified. Restarting server...  

   INFO  Server running on [http://127.0.0.1:8001].  

  Press Ctrl+C to stop the server

  2026-07-30 14:37:33 / ............................................ ~ 0.06ms
  2026-07-30 14:37:34 /elido_logo.jpg ............................ ~ 506.63ms

   INFO  Environment modified. Restarting server...  

   INFO  Server running on [http://127.0.0.1:8001].  

  Press Ctrl+C to stop the server


   INFO  Environment modified. Restarting server...  

   INFO  Server running on [http://127.0.0.1:8001].  

  Press Ctrl+C to stop the server


   INFO  Environment modified. Restarting server...  

   INFO  Server running on [http://127.0.0.1:8001].  

  Press Ctrl+C to stop the server


   INFO  Environment modified. Restarting server...  

   INFO  Server running on [http://127.0.0.1:8001].  

  Press Ctrl+C to stop the server


   INFO  Environment modified. Restarting server...  

   INFO  Server running on [http://127.0.0.1:8001].  

  Press Ctrl+C to stop the server


   INFO  Environment modified. Restarting server...  

   INFO  Server running on [http://127.0.0.1:8001].  

  Press Ctrl+C to stop the server


   INFO  Environment modified. Restarting server...  

   INFO  Server running on [http://127.0.0.1:8001].  

  Press Ctrl+C to stop the server


   INFO  Environment modified. Restarting server...  

   INFO  Server running on [http://127.0.0.1:8001].  

  Press Ctrl+C to stop the server


   INFO  Environment modified. Restarting server...  

   INFO  Server running on [http://127.0.0.1:8001].  

  Press Ctrl+C to stop the server


   INFO  Environment modified. Restarting server...  

   INFO  Server running on [http://127.0.0.1:8001].  

  Press Ctrl+C to stop the server

